---
source: src/codegen.rs
expression: "generate(quote::quote! { div { \"Header\", ..items, \"Footer\", } })"
---
fn __wrapper() {
    gpui::ParentElement::child(
        gpui::ParentElement::children(
            gpui::ParentElement::child(div(), "Header"),
            items,
        ),
        "Footer",
    )
}
