---
source: src/codegen.rs
expression: "generate(quote::quote! { <div flex> <div>{\"Inner\"}</div> </div> })"
---
fn __wrapper() {
    {
        fn __assert_parent_element<T: gpui::ParentElement>() {}
        __assert_parent_element::<gpui::Div>();
        {
            #[allow(path_statements)] div;
            div()
        }
            .flex()
    }
        .child(
            {
                fn __assert_parent_element<T: gpui::ParentElement>() {}
                __assert_parent_element::<gpui::Div>();
                {
                    #[allow(path_statements)] div;
                    div()
                }
            }
                .child("Inner"),
        )
}
