---
source: src/codegen.rs
expression: "generate(quote::quote!\n{ <div> <div>{\"First\"}</div> <div>{\"Second\"}</div> </div> })"
---
fn __wrapper() {
    {
        fn __assert_parent_element<T: gpui::ParentElement>() {}
        __assert_parent_element::<gpui::Div>();
        {
            #[allow(path_statements)] div;
            div()
        }
    }
        .child(
            {
                fn __assert_parent_element<T: gpui::ParentElement>() {}
                __assert_parent_element::<gpui::Div>();
                {
                    #[allow(path_statements)] div;
                    div()
                }
            }
                .child("First"),
        )
        .child(
            {
                fn __assert_parent_element<T: gpui::ParentElement>() {}
                __assert_parent_element::<gpui::Div>();
                {
                    #[allow(path_statements)] div;
                    div()
                }
            }
                .child("Second"),
        )
}
