---
source: src/codegen.rs
expression: "generate(quote::quote! { <div>{\"Hello\"}</div> })"
---
fn __wrapper() {
    {
        fn __assert_parent_element<T: gpui::ParentElement>() {}
        __assert_parent_element::<gpui::Div>();
        {
            #[allow(path_statements)] div;
            div()
        }
    }
        .child("Hello")
}
